SET enable_seqscan = off;
CREATE TABLE t (val vector(3));
INSERT INTO t (val) VALUES ('[0,0,0]'), ('[1,2,3]'), ('[1,1,1]'), (NULL);
CREATE INDEX ON t (val);
SELECT * FROM t WHERE val = '[1,2,3]';
   val   
---------
 [1,2,3]
(1 row)

SELECT * FROM t ORDER BY val;
   val   
---------
 [0,0,0]
 [1,1,1]
 [1,2,3]
 
(4 rows)

DROP TABLE t;
