SET enable_seqscan = off;
CREATE TABLE t (val bit(4));
INSERT INTO t (val) VALUES (B'0000'), (B'1100'), (B'1111'), (NULL);
CREATE INDEX ON t USING hnsw (val bit_jaccard_ops);
INSERT INTO t (val) VALUES (B'1110');
SELECT * FROM t ORDER BY val <%> B'1111';
 val  
------
 1111
 1110
 1100
 0000
(4 rows)

SELECT COUNT(*) FROM (SELECT * FROM t ORDER BY val <%> (SELECT NULL::bit)) t2;
 count 
-------
     4
(1 row)

DROP TABLE t;
